STATIC ERROR: error.text_block_bad_whitespace.jsonnet:17:1: Text block not terminated with |||
