RUNTIME ERROR: Assertion failed ((x) == (y))
	error.assert.fail1.jsonnet:(20:1)-(22:4)	
