STATIC ERROR: error.text_block_not_terminated.jsonnet:17:1: Text block not terminated with |||
