RUNTIME ERROR: Assertion failed (false)
	error.invariant.equality.jsonnet:17:10-14	thunk <object_assert>
	error.invariant.equality.jsonnet:17:1-24	
