RUNTIME ERROR: Assertion failed ((self) == (output))
	error.invariant.avoid_output_change.jsonnet:18:12-25	thunk <object_assert>
	During manifestation	
